{"ts":1773191589.904021,"level":"info","r":1,"file":"scli.go","line":124,"msg":"Starting","command":"Φορτίο","version":"1.63.0 h1:fLmroswjKXbqFSsdJin2gAXabgLiNybDA3NTB/RjhpU= go1.21.5 amd64 linux","go-max-procs":4}
Fortio 1.63.0 running at 50 queries per second, 4->4 procs, for 2m0s: http://192.168.49.2:30301/
{"ts":1773191589.906265,"level":"info","r":1,"file":"httprunner.go","line":121,"msg":"Starting http test","run":0,"url":"http://192.168.49.2:30301/","threads":4,"qps":"50.0","warmup":"parallel","conn-reuse":""}
Starting at 50 qps with 4 thread(s) [gomax 4] for 2m0s : 1500 calls each (total 6000)
{"ts":1773191711.010799,"level":"warn","r":38,"file":"periodic.go","line":781,"msg":"T003 warning only did 419 out of 1500 calls before reaching 2m0s"}
{"ts":1773191711.010890,"level":"info","r":38,"file":"periodic.go","line":850,"msg":"T003 ended after 2m0.040496587s : 419 calls. qps=3.4904887259969595"}
{"ts":1773191711.121237,"level":"warn","r":35,"file":"periodic.go","line":781,"msg":"T000 warning only did 412 out of 1500 calls before reaching 2m0s"}
{"ts":1773191711.121289,"level":"info","r":35,"file":"periodic.go","line":850,"msg":"T000 ended after 2m0.150898559s : 412 calls. qps=3.4290213801246585"}
{"ts":1773191711.122095,"level":"warn","r":36,"file":"periodic.go","line":781,"msg":"T001 warning only did 405 out of 1500 calls before reaching 2m0s"}
{"ts":1773191711.122131,"level":"info","r":36,"file":"periodic.go","line":850,"msg":"T001 ended after 2m0.151741979s : 405 calls. qps=3.370737646656721"}
{"ts":1773191711.122129,"level":"warn","r":37,"file":"periodic.go","line":781,"msg":"T002 warning only did 407 out of 1500 calls before reaching 2m0s"}
{"ts":1773191711.122172,"level":"info","r":37,"file":"periodic.go","line":850,"msg":"T002 ended after 2m0.151781836s : 407 calls. qps=3.3873821409950513"}
Ended after 2m0.151869939s : 1643 calls. qps=13.674
{"ts":1773191711.122380,"level":"info","r":1,"file":"periodic.go","line":581,"msg":"Run ended","run":0,"elapsed":120151869939,"calls":1643,"qps":13.674360630709586}
Aggregated Sleep Time : count 1643 avg -42.601335 +/- 25.26 min -87.730077527 max -0.155452524 sum -69993.9941
# range, mid point, percentile, count
>= -87.7301 <= -0.155453 , -43.9428 , 100.00, 1643
# target 50% -43.9694
WARNING 100.00% of sleep were falling behind
Aggregated Function Time : count 1643 avg 0.29228885 +/- 0.1354 min 0.130156946 max 1.411078598 sum 480.230584
# range, mid point, percentile, count
>= 0.130157 <= 0.14 , 0.135078 , 0.06, 1
> 0.14 <= 0.16 , 0.15 , 0.55, 8
> 0.16 <= 0.18 , 0.17 , 1.40, 14
> 0.18 <= 0.2 , 0.19 , 6.51, 84
> 0.2 <= 0.25 , 0.225 , 39.38, 540
> 0.25 <= 0.3 , 0.275 , 72.92, 551
> 0.3 <= 0.35 , 0.325 , 87.71, 243
> 0.35 <= 0.4 , 0.375 , 93.18, 90
> 0.4 <= 0.45 , 0.425 , 94.89, 28
> 0.45 <= 0.5 , 0.475 , 96.10, 20
> 0.5 <= 0.6 , 0.55 , 96.90, 13
> 0.6 <= 0.7 , 0.65 , 97.32, 7
> 0.7 <= 0.8 , 0.75 , 98.11, 13
> 0.8 <= 0.9 , 0.85 , 98.48, 6
> 0.9 <= 1 , 0.95 , 98.84, 6
> 1 <= 1.41108 , 1.20554 , 100.00, 19
# target 50% 0.265835
# target 75% 0.307047
# target 90% 0.370944
# target 99% 1.0556
# target 99.9% 1.37553
Error cases : no data
# Socket and IP used for each connection:
[0]   1 socket used, resolved to 192.168.49.2:30301, connection timing : count 1 avg 0.003739009 +/- 0 min 0.003739009 max 0.003739009 sum 0.003739009
[1]   1 socket used, resolved to 192.168.49.2:30301, connection timing : count 1 avg 0.004050326 +/- 0 min 0.004050326 max 0.004050326 sum 0.004050326
[2]   1 socket used, resolved to 192.168.49.2:30301, connection timing : count 1 avg 0.003570482 +/- 0 min 0.003570482 max 0.003570482 sum 0.003570482
[3]   1 socket used, resolved to 192.168.49.2:30301, connection timing : count 1 avg 0.004006546 +/- 0 min 0.004006546 max 0.004006546 sum 0.004006546
Connection time histogram (s) : count 4 avg 0.0038415907 +/- 0.0001967 min 0.003570482 max 0.004050326 sum 0.015366363
# range, mid point, percentile, count
>= 0.00357048 <= 0.004 , 0.00378524 , 50.00, 2
> 0.004 <= 0.00405033 , 0.00402516 , 100.00, 2
# target 50% 0.004
# target 75% 0.00402516
# target 90% 0.00404026
# target 99% 0.00404932
# target 99.9% 0.00405023
Sockets used: 4 (for perfect keepalive, would be 4)
Uniform: false, Jitter: false, Catchup allowed: true
IP addresses distribution:
192.168.49.2:30301: 4
Code 200 : 1643 (100.0 %)
Response Header Sizes : count 1643 avg 263.01156 +/- 0.1069 min 263 max 264 sum 432128
Response Body/Total Sizes : count 1643 avg 10957.341 +/- 4.636 min 10953 max 10967 sum 18002911
All done 1643 calls (plus 4 warmup) 292.289 ms avg, 13.7 qps
