+ log 'Starting app deployment...'
+ echo '[INFO] Starting app deployment...'
[INFO] Starting app deployment...
+ log 'app=bookinfo, namespace=mesh-app, istio_namespace=istio-system, source=remote'
+ echo '[INFO] app=bookinfo, namespace=mesh-app, istio_namespace=istio-system, source=remote'
[INFO] app=bookinfo, namespace=mesh-app, istio_namespace=istio-system, source=remote
+ log 'Ensuring target namespace exists...'
+ echo '[INFO] Ensuring target namespace exists...'
[INFO] Ensuring target namespace exists...
+ kubectl get ns mesh-app
+ log 'Enabling sidecar injection label on namespace=mesh-app...'
+ echo '[INFO] Enabling sidecar injection label on namespace=mesh-app...'
[INFO] Enabling sidecar injection label on namespace=mesh-app...
+ kubectl label namespace mesh-app istio-injection=enabled --overwrite
namespace/mesh-app not labeled
+ [[ bookinfo == \b\o\o\k\i\n\f\o ]]
+ log 'Deploying Bookinfo application...'
+ echo '[INFO] Deploying Bookinfo application...'
[INFO] Deploying Bookinfo application...
+ [[ remote == \r\e\m\o\t\e ]]
+ kubectl apply -n mesh-app -f https://raw.githubusercontent.com/istio/istio/release-1.20/samples/bookinfo/platform/kube/bookinfo.yaml
service/details unchanged
serviceaccount/bookinfo-details unchanged
deployment.apps/details-v1 unchanged
service/ratings unchanged
serviceaccount/bookinfo-ratings unchanged
deployment.apps/ratings-v1 unchanged
service/reviews unchanged
serviceaccount/bookinfo-reviews unchanged
deployment.apps/reviews-v1 unchanged
deployment.apps/reviews-v2 unchanged
deployment.apps/reviews-v3 unchanged
service/productpage unchanged
serviceaccount/bookinfo-productpage unchanged
deployment.apps/productpage-v1 unchanged
+ log 'Deploying Bookinfo ingress resources (Gateway + VirtualService)...'
+ echo '[INFO] Deploying Bookinfo ingress resources (Gateway + VirtualService)...'
[INFO] Deploying Bookinfo ingress resources (Gateway + VirtualService)...
+ APPLY_GATEWAY_OK=0
+ [[ remote == \l\o\c\a\l ]]
+ kubectl apply -n mesh-app -f https://raw.githubusercontent.com/istio/istio/release-1.20/samples/bookinfo/networking/bookinfo-gateway.yaml
gateway.networking.istio.io/bookinfo-gateway unchanged
virtualservice.networking.istio.io/bookinfo unchanged
+ APPLY_GATEWAY_OK=1
+ [[ 1 -eq 0 ]]
+ log 'Validation: waiting for pods to become Ready...'
+ echo '[INFO] Validation: waiting for pods to become Ready...'
[INFO] Validation: waiting for pods to become Ready...
+ kubectl wait --for=condition=Ready pods --all -n mesh-app --timeout=300s
pod/details-v1-747787f7c4-tmc6s condition met
pod/productpage-v1-66d788bc7f-nqbnp condition met
pod/ratings-v1-798bd9b5d-dldcp condition met
pod/reviews-v1-b4745c9bb-dwhwh condition met
pod/reviews-v2-6dc77b845d-lfzj6 condition met
pod/reviews-v3-78c8846d54-8ft7s condition met
+ log 'Validation: deployments rollout completed...'
+ echo '[INFO] Validation: deployments rollout completed...'
[INFO] Validation: deployments rollout completed...
+ IFS=
+ read -r deploy
++ kubectl get deploy -n mesh-app -o name
+ kubectl -n mesh-app rollout status deployment.apps/details-v1 --timeout=300s
deployment "details-v1" successfully rolled out
+ IFS=
+ read -r deploy
+ kubectl -n mesh-app rollout status deployment.apps/productpage-v1 --timeout=300s
deployment "productpage-v1" successfully rolled out
+ IFS=
+ read -r deploy
+ kubectl -n mesh-app rollout status deployment.apps/ratings-v1 --timeout=300s
deployment "ratings-v1" successfully rolled out
+ IFS=
+ read -r deploy
+ kubectl -n mesh-app rollout status deployment.apps/reviews-v1 --timeout=300s
deployment "reviews-v1" successfully rolled out
+ IFS=
+ read -r deploy
+ kubectl -n mesh-app rollout status deployment.apps/reviews-v2 --timeout=300s
deployment "reviews-v2" successfully rolled out
+ IFS=
+ read -r deploy
+ kubectl -n mesh-app rollout status deployment.apps/reviews-v3 --timeout=300s
deployment "reviews-v3" successfully rolled out
+ IFS=
+ read -r deploy
+ log 'Validation: istio-proxy container must exist in each pod...'
+ echo '[INFO] Validation: istio-proxy container must exist in each pod...'
[INFO] Validation: istio-proxy container must exist in each pod...
+ MISSING_SIDECAR=0
++ kubectl get pods -n mesh-app -o 'jsonpath={range .items[?(@.metadata.deletionTimestamp==null)]}{.metadata.name}{"\n"}{end}'
+ [[ 0 -eq 1 ]]
++ kubectl get pods -n mesh-app -o 'jsonpath={range .items[?(@.metadata.deletionTimestamp==null)]}{.metadata.name}{"\n"}{end}'
+ log 'Validation: checking ingress resources...'
+ echo '[INFO] Validation: checking ingress resources...'
[INFO] Validation: checking ingress resources...
+ kubectl get gateway -n mesh-app
NAME               AGE
bookinfo-gateway   48s
+ kubectl get virtualservice -n mesh-app
NAME       GATEWAYS               HOSTS   AGE
bookinfo   ["bookinfo-gateway"]   ["*"]   48s
+ INGRESS_HOST=
+ INGRESS_PORT=
+ ACCESS_URL=
+ command -v minikube
+ minikube status
+ [[ -z '' ]]
++ kubectl -n istio-system get service istio-ingressgateway -o 'jsonpath={.status.loadBalancer.ingress[0].ip}'
+ INGRESS_HOST=
++ kubectl -n istio-system get service istio-ingressgateway -o 'jsonpath={.spec.ports[?(@.name=="http2")].port}'
+ INGRESS_PORT=80
+ [[ -n '' ]]
+ [[ -n '' ]]
+ warn 'Could not determine direct ingress URL. Trying port-forward fallback...'
+ echo '[WARN] Could not determine direct ingress URL. Trying port-forward fallback...'
[WARN] Could not determine direct ingress URL. Trying port-forward fallback...
+ PF_PID=88437
+ trap 'kill ${PF_PID:-} >/dev/null 2>&1 || true' EXIT
+ sleep 3
+ kubectl -n istio-system port-forward svc/istio-ingressgateway 18080:80
+ [[ bookinfo == \b\o\o\k\i\n\f\o ]]
++ curl -fsS --max-time 15 http://127.0.0.1:18080/productpage
+ page_out='<!DOCTYPE html>
<html>
  <head>
    <title>Simple Bookstore App</title>
<meta charset="utf-8">
<meta http-equiv="X-UA-Compatible" content="IE=edge">
<meta name="viewport" content="width=device-width, initial-scale=1.0">

<!-- Latest compiled and minified CSS -->
<link rel="stylesheet" href="static/bootstrap/css/bootstrap.min.css">

<!-- Optional theme -->
<link rel="stylesheet" href="static/bootstrap/css/bootstrap-theme.min.css">

  </head>
  <body>
    
    

<nav class="navbar navbar-inverse navbar-static-top">
  <div class="container">
    <div class="navbar-header">
      <a class="navbar-brand" href="#">BookInfo Sample</a>
    </div>
    
    <button type="button" class="btn btn-default navbar-btn navbar-right" data-toggle="modal" href="#login-modal">Sign
      in</button>
    
  </div>
</nav>

<!---
<div class="navbar navbar-inverse navbar-fixed-top">
  <div class="container">
    <div class="navbar-header pull-left">
      <a class="navbar-brand" href="#">Microservices Fabric BookInfo Demo</a>
    </div>
    <div class="navbar-header pull-right">
      <button type="button" class="navbar-toggle" data-toggle="collapse" data-target=".navbar-collapse">
        <span class="icon-bar"></span>
        <span class="icon-bar"></span>
        <span class="icon-bar"></span>
      </button>
    </div>
    <div class="navbar-collapse collapse">

      <button type="button" class="btn btn-default navbar-btn pull-right" data-toggle="modal" data-target="#login-modal">Sign in</button>

    </div>
  </div>
</div>
-->

<div id="login-modal" class="modal fade" role="dialog">
  <div class="modal-dialog">
    <div class="modal-content">
      <div class="modal-header">
        <button type="button" class="close" data-dismiss="modal">&times;</button>
        <h4 class="modal-title">Please sign in</h4>
      </div>
      <div class="modal-body">
        <form method="post" action='\''login'\'' name="login_form">
          <p><input type="text" class="form-control" name="username" id="username" placeholder="User Name"></p>
          <p><input type="password" class="form-control" name="passwd" placeholder="Password"></p>
          <p>
            <button type="submit" class="btn btn-primary">Sign in</button>
            <button type="button" class="btn btn-default" data-dismiss="modal">Cancel</button>
          </p>
        </form>
      </div>
    </div>

  </div>
</div>

<div class="container-fluid">
  <div class="row">
    <div class="col-md-12">
      <h3 class="text-center text-primary">The Comedy of Errors</h3>
      
      <p>Summary: <a href="https://en.wikipedia.org/wiki/The_Comedy_of_Errors">Wikipedia Summary</a>: The Comedy of Errors is one of <b>William Shakespeare'\''s</b> early plays. It is his shortest and one of his most farcical comedies, with a major part of the humour coming from slapstick and mistaken identity, in addition to puns and word play.</p>
      
    </div>
  </div>

  <div class="row">
    <div class="col-md-6">
      
      <h4 class="text-center text-primary">Book Details</h4>
      <dl>
        <dt>Type:</dt>paperback
        <dt>Pages:</dt>200
        <dt>Publisher:</dt>PublisherA
        <dt>Language:</dt>English
        <dt>ISBN-10:</dt>1234567890
        <dt>ISBN-13:</dt>123-1234567890
      </dl>
      
    </div>

    <div class="col-md-6">
      
      <h4 class="text-center text-primary">Book Reviews</h4>
      
      <blockquote>
        <p>An extremely entertaining play by Shakespeare. The slapstick humour is refreshing!</p>
        <small>Reviewer1</small>
        
      </blockquote>
      
      <blockquote>
        <p>Absolutely fun and entertaining. The play lacks thematic depth when compared to other plays by Shakespeare.</p>
        <small>Reviewer2</small>
        
      </blockquote>
      
      <dl>
        <dt>Reviews served by:</dt>
        <u>reviews-v1-b4745c9bb-dwhwh</u>
        
      </dl>
      
    </div>
  </div>
</div>


    
<!-- Latest compiled and minified JavaScript -->
<script src="static/jquery.min.js"></script>

<!-- Latest compiled and minified JavaScript -->
<script src="static/bootstrap/js/bootstrap.min.js"></script>

<script type="text/javascript">
  $('\''#login-modal'\'').on('\''shown.bs.modal'\'', function () {
    $('\''#username'\'').focus();
  });
</script>

  </body>
</html>'
+ validate_page_content bookinfo '<!DOCTYPE html>
<html>
  <head>
    <title>Simple Bookstore App</title>
<meta charset="utf-8">
<meta http-equiv="X-UA-Compatible" content="IE=edge">
<meta name="viewport" content="width=device-width, initial-scale=1.0">

<!-- Latest compiled and minified CSS -->
<link rel="stylesheet" href="static/bootstrap/css/bootstrap.min.css">

<!-- Optional theme -->
<link rel="stylesheet" href="static/bootstrap/css/bootstrap-theme.min.css">

  </head>
  <body>
    
    

<nav class="navbar navbar-inverse navbar-static-top">
  <div class="container">
    <div class="navbar-header">
      <a class="navbar-brand" href="#">BookInfo Sample</a>
    </div>
    
    <button type="button" class="btn btn-default navbar-btn navbar-right" data-toggle="modal" href="#login-modal">Sign
      in</button>
    
  </div>
</nav>

<!---
<div class="navbar navbar-inverse navbar-fixed-top">
  <div class="container">
    <div class="navbar-header pull-left">
      <a class="navbar-brand" href="#">Microservices Fabric BookInfo Demo</a>
    </div>
    <div class="navbar-header pull-right">
      <button type="button" class="navbar-toggle" data-toggle="collapse" data-target=".navbar-collapse">
        <span class="icon-bar"></span>
        <span class="icon-bar"></span>
        <span class="icon-bar"></span>
      </button>
    </div>
    <div class="navbar-collapse collapse">

      <button type="button" class="btn btn-default navbar-btn pull-right" data-toggle="modal" data-target="#login-modal">Sign in</button>

    </div>
  </div>
</div>
-->

<div id="login-modal" class="modal fade" role="dialog">
  <div class="modal-dialog">
    <div class="modal-content">
      <div class="modal-header">
        <button type="button" class="close" data-dismiss="modal">&times;</button>
        <h4 class="modal-title">Please sign in</h4>
      </div>
      <div class="modal-body">
        <form method="post" action='\''login'\'' name="login_form">
          <p><input type="text" class="form-control" name="username" id="username" placeholder="User Name"></p>
          <p><input type="password" class="form-control" name="passwd" placeholder="Password"></p>
          <p>
            <button type="submit" class="btn btn-primary">Sign in</button>
            <button type="button" class="btn btn-default" data-dismiss="modal">Cancel</button>
          </p>
        </form>
      </div>
    </div>

  </div>
</div>

<div class="container-fluid">
  <div class="row">
    <div class="col-md-12">
      <h3 class="text-center text-primary">The Comedy of Errors</h3>
      
      <p>Summary: <a href="https://en.wikipedia.org/wiki/The_Comedy_of_Errors">Wikipedia Summary</a>: The Comedy of Errors is one of <b>William Shakespeare'\''s</b> early plays. It is his shortest and one of his most farcical comedies, with a major part of the humour coming from slapstick and mistaken identity, in addition to puns and word play.</p>
      
    </div>
  </div>

  <div class="row">
    <div class="col-md-6">
      
      <h4 class="text-center text-primary">Book Details</h4>
      <dl>
        <dt>Type:</dt>paperback
        <dt>Pages:</dt>200
        <dt>Publisher:</dt>PublisherA
        <dt>Language:</dt>English
        <dt>ISBN-10:</dt>1234567890
        <dt>ISBN-13:</dt>123-1234567890
      </dl>
      
    </div>

    <div class="col-md-6">
      
      <h4 class="text-center text-primary">Book Reviews</h4>
      
      <blockquote>
        <p>An extremely entertaining play by Shakespeare. The slapstick humour is refreshing!</p>
        <small>Reviewer1</small>
        
      </blockquote>
      
      <blockquote>
        <p>Absolutely fun and entertaining. The play lacks thematic depth when compared to other plays by Shakespeare.</p>
        <small>Reviewer2</small>
        
      </blockquote>
      
      <dl>
        <dt>Reviews served by:</dt>
        <u>reviews-v1-b4745c9bb-dwhwh</u>
        
      </dl>
      
    </div>
  </div>
</div>


    
<!-- Latest compiled and minified JavaScript -->
<script src="static/jquery.min.js"></script>

<!-- Latest compiled and minified JavaScript -->
<script src="static/bootstrap/js/bootstrap.min.js"></script>

<script type="text/javascript">
  $('\''#login-modal'\'').on('\''shown.bs.modal'\'', function () {
    $('\''#username'\'').focus();
  });
</script>

  </body>
</html>'
+ local app=bookinfo
+ local 'content=<!DOCTYPE html>
<html>
  <head>
    <title>Simple Bookstore App</title>
<meta charset="utf-8">
<meta http-equiv="X-UA-Compatible" content="IE=edge">
<meta name="viewport" content="width=device-width, initial-scale=1.0">

<!-- Latest compiled and minified CSS -->
<link rel="stylesheet" href="static/bootstrap/css/bootstrap.min.css">

<!-- Optional theme -->
<link rel="stylesheet" href="static/bootstrap/css/bootstrap-theme.min.css">

  </head>
  <body>
    
    

<nav class="navbar navbar-inverse navbar-static-top">
  <div class="container">
    <div class="navbar-header">
      <a class="navbar-brand" href="#">BookInfo Sample</a>
    </div>
    
    <button type="button" class="btn btn-default navbar-btn navbar-right" data-toggle="modal" href="#login-modal">Sign
      in</button>
    
  </div>
</nav>

<!---
<div class="navbar navbar-inverse navbar-fixed-top">
  <div class="container">
    <div class="navbar-header pull-left">
      <a class="navbar-brand" href="#">Microservices Fabric BookInfo Demo</a>
    </div>
    <div class="navbar-header pull-right">
      <button type="button" class="navbar-toggle" data-toggle="collapse" data-target=".navbar-collapse">
        <span class="icon-bar"></span>
        <span class="icon-bar"></span>
        <span class="icon-bar"></span>
      </button>
    </div>
    <div class="navbar-collapse collapse">

      <button type="button" class="btn btn-default navbar-btn pull-right" data-toggle="modal" data-target="#login-modal">Sign in</button>

    </div>
  </div>
</div>
-->

<div id="login-modal" class="modal fade" role="dialog">
  <div class="modal-dialog">
    <div class="modal-content">
      <div class="modal-header">
        <button type="button" class="close" data-dismiss="modal">&times;</button>
        <h4 class="modal-title">Please sign in</h4>
      </div>
      <div class="modal-body">
        <form method="post" action='\''login'\'' name="login_form">
          <p><input type="text" class="form-control" name="username" id="username" placeholder="User Name"></p>
          <p><input type="password" class="form-control" name="passwd" placeholder="Password"></p>
          <p>
            <button type="submit" class="btn btn-primary">Sign in</button>
            <button type="button" class="btn btn-default" data-dismiss="modal">Cancel</button>
          </p>
        </form>
      </div>
    </div>

  </div>
</div>

<div class="container-fluid">
  <div class="row">
    <div class="col-md-12">
      <h3 class="text-center text-primary">The Comedy of Errors</h3>
      
      <p>Summary: <a href="https://en.wikipedia.org/wiki/The_Comedy_of_Errors">Wikipedia Summary</a>: The Comedy of Errors is one of <b>William Shakespeare'\''s</b> early plays. It is his shortest and one of his most farcical comedies, with a major part of the humour coming from slapstick and mistaken identity, in addition to puns and word play.</p>
      
    </div>
  </div>

  <div class="row">
    <div class="col-md-6">
      
      <h4 class="text-center text-primary">Book Details</h4>
      <dl>
        <dt>Type:</dt>paperback
        <dt>Pages:</dt>200
        <dt>Publisher:</dt>PublisherA
        <dt>Language:</dt>English
        <dt>ISBN-10:</dt>1234567890
        <dt>ISBN-13:</dt>123-1234567890
      </dl>
      
    </div>

    <div class="col-md-6">
      
      <h4 class="text-center text-primary">Book Reviews</h4>
      
      <blockquote>
        <p>An extremely entertaining play by Shakespeare. The slapstick humour is refreshing!</p>
        <small>Reviewer1</small>
        
      </blockquote>
      
      <blockquote>
        <p>Absolutely fun and entertaining. The play lacks thematic depth when compared to other plays by Shakespeare.</p>
        <small>Reviewer2</small>
        
      </blockquote>
      
      <dl>
        <dt>Reviews served by:</dt>
        <u>reviews-v1-b4745c9bb-dwhwh</u>
        
      </dl>
      
    </div>
  </div>
</div>


    
<!-- Latest compiled and minified JavaScript -->
<script src="static/jquery.min.js"></script>

<!-- Latest compiled and minified JavaScript -->
<script src="static/bootstrap/js/bootstrap.min.js"></script>

<script type="text/javascript">
  $('\''#login-modal'\'').on('\''shown.bs.modal'\'', function () {
    $('\''#username'\'').focus();
  });
</script>

  </body>
</html>'
+ local lower
++ printf %s '<!DOCTYPE html>
<html>
  <head>
    <title>Simple Bookstore App</title>
<meta charset="utf-8">
<meta http-equiv="X-UA-Compatible" content="IE=edge">
<meta name="viewport" content="width=device-width, initial-scale=1.0">

<!-- Latest compiled and minified CSS -->
<link rel="stylesheet" href="static/bootstrap/css/bootstrap.min.css">

<!-- Optional theme -->
<link rel="stylesheet" href="static/bootstrap/css/bootstrap-theme.min.css">

  </head>
  <body>
    
    

<nav class="navbar navbar-inverse navbar-static-top">
  <div class="container">
    <div class="navbar-header">
      <a class="navbar-brand" href="#">BookInfo Sample</a>
    </div>
    
    <button type="button" class="btn btn-default navbar-btn navbar-right" data-toggle="modal" href="#login-modal">Sign
      in</button>
    
  </div>
</nav>

<!---
<div class="navbar navbar-inverse navbar-fixed-top">
  <div class="container">
    <div class="navbar-header pull-left">
      <a class="navbar-brand" href="#">Microservices Fabric BookInfo Demo</a>
    </div>
    <div class="navbar-header pull-right">
      <button type="button" class="navbar-toggle" data-toggle="collapse" data-target=".navbar-collapse">
        <span class="icon-bar"></span>
        <span class="icon-bar"></span>
        <span class="icon-bar"></span>
      </button>
    </div>
    <div class="navbar-collapse collapse">

      <button type="button" class="btn btn-default navbar-btn pull-right" data-toggle="modal" data-target="#login-modal">Sign in</button>

    </div>
  </div>
</div>
-->

<div id="login-modal" class="modal fade" role="dialog">
  <div class="modal-dialog">
    <div class="modal-content">
      <div class="modal-header">
        <button type="button" class="close" data-dismiss="modal">&times;</button>
        <h4 class="modal-title">Please sign in</h4>
      </div>
      <div class="modal-body">
        <form method="post" action='\''login'\'' name="login_form">
          <p><input type="text" class="form-control" name="username" id="username" placeholder="User Name"></p>
          <p><input type="password" class="form-control" name="passwd" placeholder="Password"></p>
          <p>
            <button type="submit" class="btn btn-primary">Sign in</button>
            <button type="button" class="btn btn-default" data-dismiss="modal">Cancel</button>
          </p>
        </form>
      </div>
    </div>

  </div>
</div>

<div class="container-fluid">
  <div class="row">
    <div class="col-md-12">
      <h3 class="text-center text-primary">The Comedy of Errors</h3>
      
      <p>Summary: <a href="https://en.wikipedia.org/wiki/The_Comedy_of_Errors">Wikipedia Summary</a>: The Comedy of Errors is one of <b>William Shakespeare'\''s</b> early plays. It is his shortest and one of his most farcical comedies, with a major part of the humour coming from slapstick and mistaken identity, in addition to puns and word play.</p>
      
    </div>
  </div>

  <div class="row">
    <div class="col-md-6">
      
      <h4 class="text-center text-primary">Book Details</h4>
      <dl>
        <dt>Type:</dt>paperback
        <dt>Pages:</dt>200
        <dt>Publisher:</dt>PublisherA
        <dt>Language:</dt>English
        <dt>ISBN-10:</dt>1234567890
        <dt>ISBN-13:</dt>123-1234567890
      </dl>
      
    </div>

    <div class="col-md-6">
      
      <h4 class="text-center text-primary">Book Reviews</h4>
      
      <blockquote>
        <p>An extremely entertaining play by Shakespeare. The slapstick humour is refreshing!</p>
        <small>Reviewer1</small>
        
      </blockquote>
      
      <blockquote>
        <p>Absolutely fun and entertaining. The play lacks thematic depth when compared to other plays by Shakespeare.</p>
        <small>Reviewer2</small>
        
      </blockquote>
      
      <dl>
        <dt>Reviews served by:</dt>
        <u>reviews-v1-b4745c9bb-dwhwh</u>
        
      </dl>
      
    </div>
  </div>
</div>


    
<!-- Latest compiled and minified JavaScript -->
<script src="static/jquery.min.js"></script>

<!-- Latest compiled and minified JavaScript -->
<script src="static/bootstrap/js/bootstrap.min.js"></script>

<script type="text/javascript">
  $('\''#login-modal'\'').on('\''shown.bs.modal'\'', function () {
    $('\''#username'\'').focus();
  });
</script>

  </body>
</html>'
++ tr '[:upper:]' '[:lower:]'
+ lower='<!doctype html>
<html>
  <head>
    <title>simple bookstore app</title>
<meta charset="utf-8">
<meta http-equiv="x-ua-compatible" content="ie=edge">
<meta name="viewport" content="width=device-width, initial-scale=1.0">

<!-- latest compiled and minified css -->
<link rel="stylesheet" href="static/bootstrap/css/bootstrap.min.css">

<!-- optional theme -->
<link rel="stylesheet" href="static/bootstrap/css/bootstrap-theme.min.css">

  </head>
  <body>
    
    

<nav class="navbar navbar-inverse navbar-static-top">
  <div class="container">
    <div class="navbar-header">
      <a class="navbar-brand" href="#">bookinfo sample</a>
    </div>
    
    <button type="button" class="btn btn-default navbar-btn navbar-right" data-toggle="modal" href="#login-modal">sign
      in</button>
    
  </div>
</nav>

<!---
<div class="navbar navbar-inverse navbar-fixed-top">
  <div class="container">
    <div class="navbar-header pull-left">
      <a class="navbar-brand" href="#">microservices fabric bookinfo demo</a>
    </div>
    <div class="navbar-header pull-right">
      <button type="button" class="navbar-toggle" data-toggle="collapse" data-target=".navbar-collapse">
        <span class="icon-bar"></span>
        <span class="icon-bar"></span>
        <span class="icon-bar"></span>
      </button>
    </div>
    <div class="navbar-collapse collapse">

      <button type="button" class="btn btn-default navbar-btn pull-right" data-toggle="modal" data-target="#login-modal">sign in</button>

    </div>
  </div>
</div>
-->

<div id="login-modal" class="modal fade" role="dialog">
  <div class="modal-dialog">
    <div class="modal-content">
      <div class="modal-header">
        <button type="button" class="close" data-dismiss="modal">&times;</button>
        <h4 class="modal-title">please sign in</h4>
      </div>
      <div class="modal-body">
        <form method="post" action='\''login'\'' name="login_form">
          <p><input type="text" class="form-control" name="username" id="username" placeholder="user name"></p>
          <p><input type="password" class="form-control" name="passwd" placeholder="password"></p>
          <p>
            <button type="submit" class="btn btn-primary">sign in</button>
            <button type="button" class="btn btn-default" data-dismiss="modal">cancel</button>
          </p>
        </form>
      </div>
    </div>

  </div>
</div>

<div class="container-fluid">
  <div class="row">
    <div class="col-md-12">
      <h3 class="text-center text-primary">the comedy of errors</h3>
      
      <p>summary: <a href="https://en.wikipedia.org/wiki/the_comedy_of_errors">wikipedia summary</a>: the comedy of errors is one of <b>william shakespeare'\''s</b> early plays. it is his shortest and one of his most farcical comedies, with a major part of the humour coming from slapstick and mistaken identity, in addition to puns and word play.</p>
      
    </div>
  </div>

  <div class="row">
    <div class="col-md-6">
      
      <h4 class="text-center text-primary">book details</h4>
      <dl>
        <dt>type:</dt>paperback
        <dt>pages:</dt>200
        <dt>publisher:</dt>publishera
        <dt>language:</dt>english
        <dt>isbn-10:</dt>1234567890
        <dt>isbn-13:</dt>123-1234567890
      </dl>
      
    </div>

    <div class="col-md-6">
      
      <h4 class="text-center text-primary">book reviews</h4>
      
      <blockquote>
        <p>an extremely entertaining play by shakespeare. the slapstick humour is refreshing!</p>
        <small>reviewer1</small>
        
      </blockquote>
      
      <blockquote>
        <p>absolutely fun and entertaining. the play lacks thematic depth when compared to other plays by shakespeare.</p>
        <small>reviewer2</small>
        
      </blockquote>
      
      <dl>
        <dt>reviews served by:</dt>
        <u>reviews-v1-b4745c9bb-dwhwh</u>
        
      </dl>
      
    </div>
  </div>
</div>


    
<!-- latest compiled and minified javascript -->
<script src="static/jquery.min.js"></script>

<!-- latest compiled and minified javascript -->
<script src="static/bootstrap/js/bootstrap.min.js"></script>

<script type="text/javascript">
  $('\''#login-modal'\'').on('\''shown.bs.modal'\'', function () {
    $('\''#username'\'').focus();
  });
</script>

  </body>
</html>'
+ [[ bookinfo == \b\o\o\k\i\n\f\o ]]
+ [[ <!doctype html>
<html>
  <head>
    <title>simple bookstore app</title>
<meta charset="utf-8">
<meta http-equiv="x-ua-compatible" content="ie=edge">
<meta name="viewport" content="width=device-width, initial-scale=1.0">

<!-- latest compiled and minified css -->
<link rel="stylesheet" href="static/bootstrap/css/bootstrap.min.css">

<!-- optional theme -->
<link rel="stylesheet" href="static/bootstrap/css/bootstrap-theme.min.css">

  </head>
  <body>
    
    

<nav class="navbar navbar-inverse navbar-static-top">
  <div class="container">
    <div class="navbar-header">
      <a class="navbar-brand" href="#">bookinfo sample</a>
    </div>
    
    <button type="button" class="btn btn-default navbar-btn navbar-right" data-toggle="modal" href="#login-modal">sign
      in</button>
    
  </div>
</nav>

<!---
<div class="navbar navbar-inverse navbar-fixed-top">
  <div class="container">
    <div class="navbar-header pull-left">
      <a class="navbar-brand" href="#">microservices fabric bookinfo demo</a>
    </div>
    <div class="navbar-header pull-right">
      <button type="button" class="navbar-toggle" data-toggle="collapse" data-target=".navbar-collapse">
        <span class="icon-bar"></span>
        <span class="icon-bar"></span>
        <span class="icon-bar"></span>
      </button>
    </div>
    <div class="navbar-collapse collapse">

      <button type="button" class="btn btn-default navbar-btn pull-right" data-toggle="modal" data-target="#login-modal">sign in</button>

    </div>
  </div>
</div>
-->

<div id="login-modal" class="modal fade" role="dialog">
  <div class="modal-dialog">
    <div class="modal-content">
      <div class="modal-header">
        <button type="button" class="close" data-dismiss="modal">&times;</button>
        <h4 class="modal-title">please sign in</h4>
      </div>
      <div class="modal-body">
        <form method="post" action='login' name="login_form">
          <p><input type="text" class="form-control" name="username" id="username" placeholder="user name"></p>
          <p><input type="password" class="form-control" name="passwd" placeholder="password"></p>
          <p>
            <button type="submit" class="btn btn-primary">sign in</button>
            <button type="button" class="btn btn-default" data-dismiss="modal">cancel</button>
          </p>
        </form>
      </div>
    </div>

  </div>
</div>

<div class="container-fluid">
  <div class="row">
    <div class="col-md-12">
      <h3 class="text-center text-primary">the comedy of errors</h3>
      
      <p>summary: <a href="https://en.wikipedia.org/wiki/the_comedy_of_errors">wikipedia summary</a>: the comedy of errors is one of <b>william shakespeare's</b> early plays. it is his shortest and one of his most farcical comedies, with a major part of the humour coming from slapstick and mistaken identity, in addition to puns and word play.</p>
      
    </div>
  </div>

  <div class="row">
    <div class="col-md-6">
      
      <h4 class="text-center text-primary">book details</h4>
      <dl>
        <dt>type:</dt>paperback
        <dt>pages:</dt>200
        <dt>publisher:</dt>publishera
        <dt>language:</dt>english
        <dt>isbn-10:</dt>1234567890
        <dt>isbn-13:</dt>123-1234567890
      </dl>
      
    </div>

    <div class="col-md-6">
      
      <h4 class="text-center text-primary">book reviews</h4>
      
      <blockquote>
        <p>an extremely entertaining play by shakespeare. the slapstick humour is refreshing!</p>
        <small>reviewer1</small>
        
      </blockquote>
      
      <blockquote>
        <p>absolutely fun and entertaining. the play lacks thematic depth when compared to other plays by shakespeare.</p>
        <small>reviewer2</small>
        
      </blockquote>
      
      <dl>
        <dt>reviews served by:</dt>
        <u>reviews-v1-b4745c9bb-dwhwh</u>
        
      </dl>
      
    </div>
  </div>
</div>


    
<!-- latest compiled and minified javascript -->
<script src="static/jquery.min.js"></script>

<!-- latest compiled and minified javascript -->
<script src="static/bootstrap/js/bootstrap.min.js"></script>

<script type="text/javascript">
  $('#login-modal').on('shown.bs.modal', function () {
    $('#username').focus();
  });
</script>

  </body>
</html> == *\b\o\o\k\i\n\f\o* ]]
+ log 'Validation: Bookinfo page reachable via port-forward fallback.'
+ echo '[INFO] Validation: Bookinfo page reachable via port-forward fallback.'
[INFO] Validation: Bookinfo page reachable via port-forward fallback.
+ kill 88437
+ trap - EXIT
+ log 'Final verification command output:'
+ echo '[INFO] Final verification command output:'
[INFO] Final verification command output:
+ kubectl get pods -n mesh-app
NAME                              READY   STATUS    RESTARTS   AGE
details-v1-747787f7c4-tmc6s       1/1     Running   0          3m16s
productpage-v1-66d788bc7f-nqbnp   1/1     Running   0          3m16s
ratings-v1-798bd9b5d-dldcp        1/1     Running   0          3m16s
reviews-v1-b4745c9bb-dwhwh        1/1     Running   0          3m16s
reviews-v2-6dc77b845d-lfzj6       1/1     Running   0          3m16s
reviews-v3-78c8846d54-8ft7s       1/1     Running   0          3m16s
scripts/02_deploy_app.sh: line 344: 88437 Terminated: 15          kubectl -n "${ISTIO_NS}" port-forward svc/istio-ingressgateway 18080:80 > /tmp/deploy-app-pf.log 2>&1
+ log 'App deployment completed. Full log: /Users/young/Desktop/individual Proj/project-ysh/results/deploy_bookinfo.log'
+ echo '[INFO] App deployment completed. Full log: /Users/young/Desktop/individual Proj/project-ysh/results/deploy_bookinfo.log'
[INFO] App deployment completed. Full log: /Users/young/Desktop/individual Proj/project-ysh/results/deploy_bookinfo.log
