+ log 'Starting app deployment...'
+ echo '[INFO] Starting app deployment...'
[INFO] Starting app deployment...
+ log 'app=onlineboutique, namespace=mesh-app, istio_namespace=istio-system'
+ echo '[INFO] app=onlineboutique, namespace=mesh-app, istio_namespace=istio-system'
[INFO] app=onlineboutique, namespace=mesh-app, istio_namespace=istio-system
+ log 'Ensuring target namespace exists...'
+ echo '[INFO] Ensuring target namespace exists...'
[INFO] Ensuring target namespace exists...
+ kubectl get ns mesh-app
+ log 'Enabling sidecar injection label on namespace=mesh-app...'
+ echo '[INFO] Enabling sidecar injection label on namespace=mesh-app...'
[INFO] Enabling sidecar injection label on namespace=mesh-app...
+ kubectl label namespace mesh-app istio-injection=enabled --overwrite
namespace/mesh-app not labeled
+ [[ onlineboutique == \b\o\o\k\i\n\f\o ]]
+ log 'Deploying OnlineBoutique (gRPC microservices)...'
+ echo '[INFO] Deploying OnlineBoutique (gRPC microservices)...'
[INFO] Deploying OnlineBoutique (gRPC microservices)...
+ [[ -d /Users/young/Desktop/individual Proj/project-ysh/manifests/app/onlineboutique ]]
+ [[ -f /Users/young/Desktop/individual Proj/project-ysh/manifests/app/onlineboutique.yaml ]]
+ kubectl apply -n mesh-app -f '/Users/young/Desktop/individual Proj/project-ysh/manifests/app/onlineboutique.yaml'
deployment.apps/emailservice created
service/emailservice created
serviceaccount/emailservice created
deployment.apps/checkoutservice created
service/checkoutservice created
serviceaccount/checkoutservice created
deployment.apps/recommendationservice created
service/recommendationservice created
serviceaccount/recommendationservice created
deployment.apps/frontend configured
service/frontend configured
service/frontend-external created
serviceaccount/frontend created
deployment.apps/paymentservice created
service/paymentservice created
serviceaccount/paymentservice created
deployment.apps/productcatalogservice created
service/productcatalogservice created
serviceaccount/productcatalogservice created
deployment.apps/cartservice created
service/cartservice created
serviceaccount/cartservice created
deployment.apps/redis-cart created
service/redis-cart created
deployment.apps/loadgenerator created
serviceaccount/loadgenerator created
deployment.apps/currencyservice created
service/currencyservice created
serviceaccount/currencyservice created
deployment.apps/shippingservice created
service/shippingservice created
serviceaccount/shippingservice created
deployment.apps/adservice created
service/adservice created
serviceaccount/adservice created
+ log 'Deploying OnlineBoutique ingress resources (Gateway + VirtualService)...'
+ echo '[INFO] Deploying OnlineBoutique ingress resources (Gateway + VirtualService)...'
[INFO] Deploying OnlineBoutique ingress resources (Gateway + VirtualService)...
+ kubectl apply -n mesh-app -f -
gateway.networking.istio.io/onlineboutique-gateway unchanged
virtualservice.networking.istio.io/onlineboutique-vs unchanged
+ log 'Validation: waiting for pods to become Ready...'
+ echo '[INFO] Validation: waiting for pods to become Ready...'
[INFO] Validation: waiting for pods to become Ready...
+ kubectl wait --for=condition=Ready pods --all -n mesh-app --timeout=300s
timed out waiting for the condition on pods/cartservice-dc9f4fb6d-bbnlj
timed out waiting for the condition on pods/checkoutservice-6d7ccbb6cf-zmfmz
timed out waiting for the condition on pods/emailservice-58dc4788c5-k8xhr
timed out waiting for the condition on pods/frontend-59bb776476-twsrl
timed out waiting for the condition on pods/frontend-5cf867558f-rxvrp
timed out waiting for the condition on pods/frontend-cbbd565fb-4m27h
timed out waiting for the condition on pods/loadgen-exp-172006-j6dmf
timed out waiting for the condition on pods/loadgen-exp-174312-vt97v
timed out waiting for the condition on pods/loadgen-gdv8b
timed out waiting for the condition on pods/paymentservice-7cff85ccd7-kfxlv
timed out waiting for the condition on pods/productcatalogservice-54c86d9f79-9rc2t
timed out waiting for the condition on pods/productpage-5c9b6ddf7-hr682
timed out waiting for the condition on pods/recommendationservice-6d8ddf5d5f-8chnb
timed out waiting for the condition on pods/redis-cart-6899b65948-gh82d
+ err 'Not all pods became Ready in namespace mesh-app'
+ echo '[ERROR] Not all pods became Ready in namespace mesh-app'
[ERROR] Not all pods became Ready in namespace mesh-app
+ exit 1
