{"ts":1771789435.980620,"level":"info","r":1,"file":"scli.go","line":124,"msg":"Starting","command":"Φορτίο","version":"1.63.0 h1:fLmroswjKXbqFSsdJin2gAXabgLiNybDA3NTB/RjhpU= go1.21.5 arm64 linux","go-max-procs":4}
Fortio 1.63.0 running at 50 queries per second, 4->4 procs, for 1m30s: http://productpage.mesh-app.svc.cluster.local:9080/productpage
{"ts":1771789435.981000,"level":"info","r":1,"file":"httprunner.go","line":121,"msg":"Starting http test","run":0,"url":"http://productpage.mesh-app.svc.cluster.local:9080/productpage","threads":4,"qps":"50.0","warmup":"parallel","conn-reuse":""}
Starting at 50 qps with 4 thread(s) [gomax 4] for 1m30s : 1125 calls each (total 4500)
{"ts":1771789526.111826,"level":"info","r":36,"file":"periodic.go","line":850,"msg":"T002 ended after 1m30.016220127s : 1125 calls. qps=12.49774761051715"}
{"ts":1771789526.114072,"level":"info","r":37,"file":"periodic.go","line":850,"msg":"T003 ended after 1m30.018667852s : 1125 calls. qps=12.497407780457454"}
{"ts":1771789526.118291,"level":"info","r":35,"file":"periodic.go","line":850,"msg":"T001 ended after 1m30.022886881s : 1125 calls. qps=12.496822074669987"}
{"ts":1771789526.118308,"level":"info","r":34,"file":"periodic.go","line":850,"msg":"T000 ended after 1m30.022887006s : 1125 calls. qps=12.496822057317702"}
Ended after 1m30.023064507s : 4500 calls. qps=49.987
{"ts":1771789526.118883,"level":"info","r":1,"file":"periodic.go","line":581,"msg":"Run ended","run":0,"elapsed":90023064507,"calls":4500,"qps":49.987189667933265}
Sleep times : count 4496 avg 0.060053232 +/- 0.01053 min -0.099199223 max 0.067913215 sum 269.999329
Aggregated Function Time : count 4500 avg 0.019052522 +/- 0.008955 min 0.010984797 max 0.145268537 sum 85.7363496
# range, mid point, percentile, count
>= 0.0109848 <= 0.011 , 0.0109924 , 0.02, 1
> 0.011 <= 0.012 , 0.0115 , 0.27, 11
> 0.012 <= 0.014 , 0.013 , 13.91, 614
> 0.014 <= 0.016 , 0.015 , 39.84, 1167
> 0.016 <= 0.018 , 0.017 , 61.60, 979
> 0.018 <= 0.02 , 0.019 , 74.84, 596
> 0.02 <= 0.025 , 0.0225 , 87.47, 568
> 0.025 <= 0.03 , 0.0275 , 94.40, 312
> 0.03 <= 0.035 , 0.0325 , 97.29, 130
> 0.035 <= 0.04 , 0.0375 , 98.31, 46
> 0.04 <= 0.045 , 0.0425 , 99.00, 31
> 0.045 <= 0.05 , 0.0475 , 99.09, 4
> 0.05 <= 0.06 , 0.055 , 99.40, 14
> 0.06 <= 0.07 , 0.065 , 99.47, 3
> 0.07 <= 0.08 , 0.075 , 99.51, 2
> 0.08 <= 0.09 , 0.085 , 99.58, 3
> 0.09 <= 0.1 , 0.095 , 99.60, 1
> 0.1 <= 0.12 , 0.11 , 99.87, 12
> 0.12 <= 0.14 , 0.13 , 99.93, 3
> 0.14 <= 0.145269 , 0.142634 , 100.00, 3
# target 50% 0.0169336
# target 75% 0.0200616
# target 90% 0.0268269
# target 99% 0.045
# target 99.9% 0.13
Error cases : no data
# Socket and IP used for each connection:
[0]   1 socket used, resolved to 10.96.111.8:9080, connection timing : count 1 avg 0.000271794 +/- 0 min 0.000271794 max 0.000271794 sum 0.000271794
[1]   1 socket used, resolved to 10.96.111.8:9080, connection timing : count 1 avg 0.000197668 +/- 0 min 0.000197668 max 0.000197668 sum 0.000197668
[2]   1 socket used, resolved to 10.96.111.8:9080, connection timing : count 1 avg 8.7668e-05 +/- 0 min 8.7668e-05 max 8.7668e-05 sum 8.7668e-05
[3]   1 socket used, resolved to 10.96.111.8:9080, connection timing : count 1 avg 0.000451505 +/- 0 min 0.000451505 max 0.000451505 sum 0.000451505
Connection time histogram (s) : count 4 avg 0.00025215875 +/- 0.0001324 min 8.7668e-05 max 0.000451505 sum 0.001008635
# range, mid point, percentile, count
>= 8.7668e-05 <= 0.000451505 , 0.000269586 , 100.00, 4
# target 50% 0.000208947
# target 75% 0.000330226
# target 90% 0.000402993
# target 99% 0.000446654
# target 99.9% 0.00045102
Sockets used: 4 (for perfect keepalive, would be 4)
Uniform: false, Jitter: false, Catchup allowed: true
IP addresses distribution:
10.96.111.8:9080: 4
Code 200 : 4500 (100.0 %)
Response Header Sizes : count 4500 avg 182.004 +/- 0.06312 min 182 max 183 sum 819018
Response Body/Total Sizes : count 4500 avg 6349.004 +/- 0.06312 min 6349 max 6350 sum 28570518
All done 4500 calls (plus 4 warmup) 19.053 ms avg, 50.0 qps
