{"ts":1771789058.405300,"level":"info","r":1,"file":"scli.go","line":124,"msg":"Starting","command":"Φορτίο","version":"1.63.0 h1:fLmroswjKXbqFSsdJin2gAXabgLiNybDA3NTB/RjhpU= go1.21.5 arm64 linux","go-max-procs":4}
Fortio 1.63.0 running at 50 queries per second, 4->4 procs, for 2m0s: http://productpage.mesh-app.svc.cluster.local:9080/productpage
{"ts":1771789058.405706,"level":"info","r":1,"file":"httprunner.go","line":121,"msg":"Starting http test","run":0,"url":"http://productpage.mesh-app.svc.cluster.local:9080/productpage","threads":4,"qps":"50.0","warmup":"parallel","conn-reuse":""}
Starting at 50 qps with 4 thread(s) [gomax 4] for 2m0s : 1500 calls each (total 6000)
{"ts":1771789178.543812,"level":"info","r":82,"file":"periodic.go","line":850,"msg":"T002 ended after 2m0.015833599s : 1500 calls. qps=12.49835088436613"}
{"ts":1771789178.546393,"level":"info","r":16,"file":"periodic.go","line":850,"msg":"T000 ended after 2m0.018679576s : 1500 calls. qps=12.49805451367383"}
{"ts":1771789178.586996,"level":"warn","r":81,"file":"periodic.go","line":781,"msg":"T001 warning only did 1498 out of 1500 calls before reaching 2m0s"}
{"ts":1771789178.587031,"level":"info","r":81,"file":"periodic.go","line":850,"msg":"T001 ended after 2m0.059324973s : 1498 calls. qps=12.477164937724607"}
{"ts":1771789178.745773,"level":"info","r":83,"file":"periodic.go","line":850,"msg":"T003 ended after 2m0.218055525s : 1500 calls. qps=12.477327082437021"}
Ended after 2m0.218157361s : 5998 calls. qps=49.893
{"ts":1771789178.746271,"level":"info","r":1,"file":"periodic.go","line":581,"msg":"Run ended","run":0,"elapsed":120218157361,"calls":5998,"qps":49.892629629888276}
Aggregated Sleep Time : count 5995 avg 0.038384351 +/- 0.0635 min -0.545211113 max 0.069616473 sum 230.114184
# range, mid point, percentile, count
>= -0.545211 <= -0.001 , -0.273106 , 12.31, 738
> -0.001 <= 0 , -0.0005 , 12.44, 8
> 0 <= 0.001 , 0.0005 , 12.58, 8
> 0.001 <= 0.002 , 0.0015 , 12.68, 6
> 0.002 <= 0.003 , 0.0025 , 12.79, 7
> 0.003 <= 0.004 , 0.0035 , 12.89, 6
> 0.004 <= 0.005 , 0.0045 , 12.99, 6
> 0.005 <= 0.006 , 0.0055 , 13.04, 3
> 0.006 <= 0.007 , 0.0065 , 13.08, 2
> 0.007 <= 0.008 , 0.0075 , 13.13, 3
> 0.008 <= 0.009 , 0.0085 , 13.19, 4
> 0.009 <= 0.01 , 0.0095 , 13.23, 2
> 0.01 <= 0.011 , 0.0105 , 13.26, 2
> 0.011 <= 0.013 , 0.012 , 13.38, 7
> 0.013 <= 0.015 , 0.014 , 13.44, 4
> 0.015 <= 0.017 , 0.016 , 13.46, 1
> 0.017 <= 0.019 , 0.018 , 13.54, 5
> 0.019 <= 0.024 , 0.0215 , 13.94, 24
> 0.024 <= 0.029 , 0.0265 , 14.31, 22
> 0.029 <= 0.034 , 0.0315 , 14.93, 37
> 0.034 <= 0.039 , 0.0365 , 15.81, 53
> 0.039 <= 0.044 , 0.0415 , 17.36, 93
> 0.044 <= 0.049 , 0.0465 , 20.42, 183
> 0.049 <= 0.059 , 0.054 , 38.87, 1106
> 0.059 <= 0.069 , 0.064 , 99.93, 3661
> 0.069 <= 0.0696165 , 0.0693082 , 100.00, 4
# target 50% 0.0608233
WARNING 12.31% of sleep were falling behind
Aggregated Function Time : count 5998 avg 0.027668279 +/- 0.04065 min 0.008199812 max 0.421244615 sum 165.954335
# range, mid point, percentile, count
>= 0.00819981 <= 0.009 , 0.00859991 , 0.10, 6
> 0.009 <= 0.01 , 0.0095 , 0.50, 24
> 0.01 <= 0.011 , 0.0105 , 1.58, 65
> 0.011 <= 0.012 , 0.0115 , 3.98, 144
> 0.012 <= 0.014 , 0.013 , 16.16, 730
> 0.014 <= 0.016 , 0.015 , 37.85, 1301
> 0.016 <= 0.018 , 0.017 , 56.37, 1111
> 0.018 <= 0.02 , 0.019 , 67.81, 686
> 0.02 <= 0.025 , 0.0225 , 82.41, 876
> 0.025 <= 0.03 , 0.0275 , 88.23, 349
> 0.03 <= 0.035 , 0.0325 , 91.51, 197
> 0.035 <= 0.04 , 0.0375 , 92.86, 81
> 0.04 <= 0.045 , 0.0425 , 93.85, 59
> 0.045 <= 0.05 , 0.0475 , 94.41, 34
> 0.05 <= 0.06 , 0.055 , 95.17, 45
> 0.06 <= 0.07 , 0.065 , 95.35, 11
> 0.07 <= 0.08 , 0.075 , 95.48, 8
> 0.08 <= 0.09 , 0.085 , 95.62, 8
> 0.09 <= 0.1 , 0.095 , 95.68, 4
> 0.1 <= 0.12 , 0.11 , 95.75, 4
> 0.12 <= 0.14 , 0.13 , 95.88, 8
> 0.14 <= 0.16 , 0.15 , 95.97, 5
> 0.18 <= 0.2 , 0.19 , 95.98, 1
> 0.2 <= 0.25 , 0.225 , 99.95, 238
> 0.25 <= 0.3 , 0.275 , 99.97, 1
> 0.35 <= 0.4 , 0.375 , 99.98, 1
> 0.4 <= 0.421245 , 0.410622 , 100.00, 1
# target 50% 0.0173123
# target 75% 0.0224629
# target 90% 0.0326954
# target 99% 0.238029
# target 99.9% 0.24937
Error cases : no data
# Socket and IP used for each connection:
[0]   1 socket used, resolved to 10.96.111.8:9080, connection timing : count 1 avg 0.00098107 +/- 0 min 0.00098107 max 0.00098107 sum 0.00098107
[1]   1 socket used, resolved to 10.96.111.8:9080, connection timing : count 1 avg 0.000193881 +/- 0 min 0.000193881 max 0.000193881 sum 0.000193881
[2]   1 socket used, resolved to 10.96.111.8:9080, connection timing : count 1 avg 0.000489723 +/- 0 min 0.000489723 max 0.000489723 sum 0.000489723
[3]   1 socket used, resolved to 10.96.111.8:9080, connection timing : count 1 avg 0.000531641 +/- 0 min 0.000531641 max 0.000531641 sum 0.000531641
Connection time histogram (s) : count 4 avg 0.00054907875 +/- 0.0002813 min 0.000193881 max 0.00098107 sum 0.002196315
# range, mid point, percentile, count
>= 0.000193881 <= 0.00098107 , 0.000587475 , 100.00, 4
# target 50% 0.000456277
# target 75% 0.000718674
# target 90% 0.000876111
# target 99% 0.000970574
# target 99.9% 0.00098002
Sockets used: 4 (for perfect keepalive, would be 4)
Uniform: false, Jitter: false, Catchup allowed: true
IP addresses distribution:
10.96.111.8:9080: 4
Code 200 : 5998 (100.0 %)
Response Header Sizes : count 5998 avg 181.99583 +/- 0.104 min 181 max 183 sum 1091611
Response Body/Total Sizes : count 5998 avg 6348.9958 +/- 0.104 min 6348 max 6350 sum 38081277
All done 5998 calls (plus 4 warmup) 27.668 ms avg, 49.9 qps
